
> haul-vs-rn@0.0.0 test
> babel-node src/index.js

Error Error: Command failed: yarn install
warning package.json: "dependencies" has dependency "haul-cli" with range "^0.6.0" that collides with a dependency in "devDependencies" of the same name with version "^0.1.4"
warning testApp@0.0.1: "dependencies" has dependency "haul-cli" with range "^0.6.0" that collides with a dependency in "devDependencies" of the same name with version "^0.1.4"
warning haul-cli@0.6.0: WARNING: This project has been renamed to haul. Install using haul instead
warning react-native@0.47.0: Issues and pull requests filed against this version are not supported. See the React Native release support policy to learn more: https://github.com/reactwg/react-native-releases#releases-support-policy
warning react-native > glob@7.2.3: Old versions of glob are not supported, and contain widely publicized security vulnerabilities, which have been fixed in the current version. Please update. Support for old versions may be purchased (at exorbitant rates) by contacting i@izs.me
warning react-native > xcode > uuid@3.0.1: uuid@10 and below is no longer supported.  For ESM codebases, update to uuid@latest.  For CommonJS codebases, use uuid@11 (but be aware this version will likely be deprecated in 2028).
warning react-native > jest-haste-map > sane@2.5.2: some dependency vulnerabilities fixed, support for node < 10 dropped, and newer ECMAScript syntax/features added
warning react-native > metro-bundler > jest-haste-map > sane@1.6.0: some dependency vulnerabilities fixed, support for node < 10 dropped, and newer ECMAScript syntax/features added
warning react-native > babel-register > core-js@2.6.12: core-js@<3.23.3 is no longer maintained and not recommended for usage due to the number of issues. Because of the V8 engine whims, feature detection in old core-js versions could cause a slowdown up to 100x even if nothing is polyfilled. Some versions have web compatibility issues. Please, upgrade your dependencies to the actual version of core-js.
warning react-native > jest-haste-map > sane > fsevents@1.2.13: Upgrade to fsevents v2 to mitigate potential security issues
warning react-native > jest-haste-map > sane > micromatch > snapdragon > source-map-resolve@0.5.3: See https://github.com/lydell/source-map-resolve#deprecated
warning react-native > jest-haste-map > sane > micromatch > snapdragon > source-map-resolve > source-map-url@0.4.1: See https://github.com/lydell/source-map-url#deprecated
warning react-native > jest-haste-map > sane > micromatch > snapdragon > source-map-resolve > urix@0.1.0: Please see https://github.com/lydell/urix#deprecated
warning react-native > jest-haste-map > sane > micromatch > snapdragon > source-map-resolve > resolve-url@0.2.1: https://github.com/lydell/resolve-url#deprecated
error https://registry.yarnpkg.com/xmldom/-/xmldom-0.1.27.tgz: Extracting tar content of undefined failed, the file appears to be corrupt: "ENOENT: no such file or directory, open '/home/jules/.cache/yarn/v6/npm-xmldom-0.1.27-d501f97b3bdb403af8ef9ecc20573187aadac0e9/node_modules/xmldom/component.json'"

    at genericNodeError (node:internal/errors:983:15)
    at wrappedFn (node:internal/errors:537:14)
    at ChildProcess.exithandler (node:child_process:417:12)
    at ChildProcess.emit (node:events:519:28)
    at ChildProcess.emit (node:domain:489:12)
    at maybeClose (node:internal/child_process:1101:16)
    at Process.ChildProcess._handle.onexit (node:internal/child_process:304:5) {
  code: 1,
  killed: false,
  signal: null,
  cmd: 'yarn install'
}
